Archive member included because of file (symbol)

/u/wbcowan/gnuarm-4.0.2/lib/gcc/arm-elf/4.0.2/libgcc.a(_udivsi3.o)
                              bin/bwio.o (__udivsi3)
/u/wbcowan/gnuarm-4.0.2/lib/gcc/arm-elf/4.0.2/libgcc.a(_umodsi3.o)
                              bin/bwio.o (__umodsi3)
/u/wbcowan/gnuarm-4.0.2/lib/gcc/arm-elf/4.0.2/libgcc.a(_dvmd_tls.o)
                              /u/wbcowan/gnuarm-4.0.2/lib/gcc/arm-elf/4.0.2/libgcc.a(_udivsi3.o) (__div0)

Memory Configuration

Name             Origin             Length             Attributes
ram              0x0000000000218000 0x0000000002000000
rom              0x0000000060000000 0x0000000000800000
*default*        0x0000000000000000 0xffffffffffffffff

Linker script and memory map


data            0x0000000000218000        0x0
                0x0000000000218000                _DataStart = .
 *(.data)
                0x0000000000218000                _DataEnd = .

bss             0x0000000000218000        0x0
                0x0000000000218000                _BssStart = .
 *(.bss)
                0x0000000000218000                _BssEnd = .

text            0x0000000000218000     0x77d0
 *(.text)
 .text          0x0000000000218000       0xcc bin/kernel.o
                0x0000000000218000                main
 .text          0x00000000002180cc      0x4f8 bin/kernInit.o
                0x000000000021854c                Init
 .text          0x00000000002185c4      0x5ec bin/syscall_kern.o
                0x0000000000218974                Scheduler_getNextReadyTask
                0x00000000002188cc                Scheduler_pushQueue
                0x00000000002189d4                Message_isSendQueueEmpty
                0x00000000002185c4                Task_create
                0x0000000000218b00                Message_pushSendQueue
                0x0000000000218a50                Message_popSendQueue
 .text          0x0000000000218bb0      0x9b4 bin/syscall_kernHandler.o
                0x0000000000218e64                syscall_kernHandler
 .text          0x0000000000219564      0x6e8 bin/syscall_userHandler.o
                0x0000000000219694                Send
                0x0000000000219608                MyParentTid
                0x000000000021963c                Pass
                0x0000000000219a90                getc
                0x0000000000219828                WhoIs
                0x0000000000219588                Create
                0x0000000000219894                AwaitEvent
                0x0000000000219700                Receive
                0x0000000000219758                Reply
                0x00000000002195d4                MyTid
                0x0000000000219668                Exit
                0x000000000021996c                DelayUntil
                0x0000000000219b68                putc
                0x00000000002197b0                RegisterAs
                0x00000000002198d4                Delay
                0x0000000000219a04                Time
 .text          0x0000000000219c4c      0x16c bin/first_user_task.o
                0x0000000000219c4c                idleTask
                0x0000000000219c60                firstUserTask
 .text          0x0000000000219db8      0x594 bin/nameServer.o
                0x0000000000219f50                nameServer
 .text          0x000000000021a34c      0x570 bin/clockServer.o
                0x000000000021a588                clockServer
 .text          0x000000000021a8bc      0x640 bin/uartServer1.o
                0x000000000021a9fc                UART1_Server
 .text          0x000000000021aefc      0x640 bin/uartServer2.o
                0x000000000021b03c                UART2_Server
 .text          0x000000000021b53c     0x19d0 bin/processors.o
                0x000000000021cc64                cmdProcessor
                0x000000000021b88c                updateSwitchState
                0x000000000021c5f8                processFeed
                0x000000000021be00                processCmd
                0x000000000021b53c                initUI
                0x000000000021ca04                sensorFeedProcessor
                0x000000000021c540                array2int
 .text          0x000000000021cf0c      0x864 bin/RPS.o
                0x000000000021d054                wait
                0x000000000021d0a8                RPS_Server
 .text          0x000000000021d770       0xb0 bin/contextSwitch.o
                0x000000000021d7fc                kerxit
                0x000000000021d770                hwi_kerent
                0x000000000021d7c0                kerent
 .text          0x000000000021d820      0xc54 bin/bwio.o
                0x000000000021db98                bwputr
                0x000000000021e104                bwi2a
                0x000000000021d820                bwsetfifo
                0x000000000021d9f4                bwputc
                0x000000000021de54                bwa2d
                0x000000000021d8e8                bwsetspeed
                0x000000000021dab8                c2x
                0x000000000021defc                bwa2i
                0x000000000021dd9c                bwgetc
                0x000000000021dfc0                bwui2a
                0x000000000021e168                bwformat
                0x000000000021dc94                bwputw
                0x000000000021e43c                bwprintf
                0x000000000021db18                bwputx
                0x000000000021dc18                bwputstr
 .text          0x000000000021e474      0x904 bin/serialio.o
                0x000000000021e650                putw
                0x000000000021e5d4                putstr
                0x000000000021ea08                i2a
                0x000000000021ea6c                format
                0x000000000021e4d4                putx
                0x000000000021e474                sc2x
                0x000000000021e8c4                ui2a
                0x000000000021e800                a2i
                0x000000000021e758                a2d
                0x000000000021ed40                sprintf
                0x000000000021e554                putr
 .text          0x000000000021ed78      0x1c0 bin/utils.o
                0x000000000021ed78                memcpy
                0x000000000021eeb8                strEnq
                0x000000000021ee64                strLen
 .text          0x000000000021ef38      0x110 /u/wbcowan/gnuarm-4.0.2/lib/gcc/arm-elf/4.0.2/libgcc.a(_udivsi3.o)
                0x000000000021ef38                __udivsi3
                0x000000000021f030                __aeabi_uidivmod
 .text          0x000000000021f048       0xcc /u/wbcowan/gnuarm-4.0.2/lib/gcc/arm-elf/4.0.2/libgcc.a(_umodsi3.o)
                0x000000000021f048                __umodsi3
 .text          0x000000000021f114        0x4 /u/wbcowan/gnuarm-4.0.2/lib/gcc/arm-elf/4.0.2/libgcc.a(_dvmd_tls.o)
                0x000000000021f114                __aeabi_ldiv0
                0x000000000021f114                __div0
                0x000000000021f114                __aeabi_idiv0
 *(.got)
 .got           0x000000000021f118       0x3c bin/kernInit.o
 *(.got.plt)
 .got.plt       0x000000000021f154        0xc bin/kernInit.o
                0x000000000021f154                _GLOBAL_OFFSET_TABLE_
 *(.rodata)
 .rodata        0x000000000021f160       0x30 bin/syscall_userHandler.o
 .rodata        0x000000000021f190       0x40 bin/first_user_task.o
 .rodata        0x000000000021f1d0       0x50 bin/clockServer.o
 .rodata        0x000000000021f220       0x10 bin/uartServer1.o
 .rodata        0x000000000021f230       0x10 bin/uartServer2.o
 .rodata        0x000000000021f240      0x380 bin/processors.o
 .rodata        0x000000000021f5c0      0x210 bin/RPS.o
 *(.glue_7)
 *(.glue_7t)

.rel.dyn
LOAD bin/kernel.o
LOAD bin/kernInit.o
LOAD bin/syscall_kern.o
LOAD bin/syscall_kernHandler.o
LOAD bin/syscall_userHandler.o
LOAD bin/first_user_task.o
LOAD bin/nameServer.o
LOAD bin/clockServer.o
LOAD bin/uartServer1.o
LOAD bin/uartServer2.o
LOAD bin/processors.o
LOAD bin/RPS.o
LOAD bin/contextSwitch.o
LOAD bin/bwio.o
LOAD bin/serialio.o
LOAD bin/utils.o
LOAD /u/wbcowan/gnuarm-4.0.2/lib/gcc/arm-elf/4.0.2/libgcc.a
OUTPUT(kernel4.elf elf32-littlearm)

.comment        0x0000000000000000      0x120
 .comment       0x0000000000000000       0x12 bin/kernel.o
 .comment       0x0000000000000012       0x12 bin/kernInit.o
 .comment       0x0000000000000024       0x12 bin/syscall_kern.o
 .comment       0x0000000000000036       0x12 bin/syscall_kernHandler.o
 .comment       0x0000000000000048       0x12 bin/syscall_userHandler.o
 .comment       0x000000000000005a       0x12 bin/first_user_task.o
 .comment       0x000000000000006c       0x12 bin/nameServer.o
 .comment       0x000000000000007e       0x12 bin/clockServer.o
 .comment       0x0000000000000090       0x12 bin/uartServer1.o
 .comment       0x00000000000000a2       0x12 bin/uartServer2.o
 .comment       0x00000000000000b4       0x12 bin/processors.o
 .comment       0x00000000000000c6       0x12 bin/RPS.o
 .comment       0x00000000000000d8       0x12 bin/contextSwitch.o
 .comment       0x00000000000000ea       0x12 bin/bwio.o
 .comment       0x00000000000000fc       0x12 bin/serialio.o
 .comment       0x000000000000010e       0x12 bin/utils.o

.debug_line     0x0000000000000000      0x14f
 .debug_line    0x0000000000000000       0x86 /u/wbcowan/gnuarm-4.0.2/lib/gcc/arm-elf/4.0.2/libgcc.a(_udivsi3.o)
 .debug_line    0x0000000000000086       0x6f /u/wbcowan/gnuarm-4.0.2/lib/gcc/arm-elf/4.0.2/libgcc.a(_umodsi3.o)
 .debug_line    0x00000000000000f5       0x5a /u/wbcowan/gnuarm-4.0.2/lib/gcc/arm-elf/4.0.2/libgcc.a(_dvmd_tls.o)

.debug_info     0x0000000000000000      0x153
 .debug_info    0x0000000000000000       0x71 /u/wbcowan/gnuarm-4.0.2/lib/gcc/arm-elf/4.0.2/libgcc.a(_udivsi3.o)
 .debug_info    0x0000000000000071       0x71 /u/wbcowan/gnuarm-4.0.2/lib/gcc/arm-elf/4.0.2/libgcc.a(_umodsi3.o)
 .debug_info    0x00000000000000e2       0x71 /u/wbcowan/gnuarm-4.0.2/lib/gcc/arm-elf/4.0.2/libgcc.a(_dvmd_tls.o)

.debug_abbrev   0x0000000000000000       0x3c
 .debug_abbrev  0x0000000000000000       0x14 /u/wbcowan/gnuarm-4.0.2/lib/gcc/arm-elf/4.0.2/libgcc.a(_udivsi3.o)
 .debug_abbrev  0x0000000000000014       0x14 /u/wbcowan/gnuarm-4.0.2/lib/gcc/arm-elf/4.0.2/libgcc.a(_umodsi3.o)
 .debug_abbrev  0x0000000000000028       0x14 /u/wbcowan/gnuarm-4.0.2/lib/gcc/arm-elf/4.0.2/libgcc.a(_dvmd_tls.o)

.debug_aranges  0x0000000000000000       0x60
 .debug_aranges
                0x0000000000000000       0x20 /u/wbcowan/gnuarm-4.0.2/lib/gcc/arm-elf/4.0.2/libgcc.a(_udivsi3.o)
 .debug_aranges
                0x0000000000000020       0x20 /u/wbcowan/gnuarm-4.0.2/lib/gcc/arm-elf/4.0.2/libgcc.a(_umodsi3.o)
 .debug_aranges
                0x0000000000000040       0x20 /u/wbcowan/gnuarm-4.0.2/lib/gcc/arm-elf/4.0.2/libgcc.a(_dvmd_tls.o)
