Archive member included because of file (symbol)

/u/wbcowan/gnuarm-4.0.2/lib/gcc/arm-elf/4.0.2/libgcc.a(_udivsi3.o)
                              bin/bwio.o (__udivsi3)
/u/wbcowan/gnuarm-4.0.2/lib/gcc/arm-elf/4.0.2/libgcc.a(_umodsi3.o)
                              bin/bwio.o (__umodsi3)
/u/wbcowan/gnuarm-4.0.2/lib/gcc/arm-elf/4.0.2/libgcc.a(_dvmd_tls.o)
                              /u/wbcowan/gnuarm-4.0.2/lib/gcc/arm-elf/4.0.2/libgcc.a(_udivsi3.o) (__div0)

Memory Configuration

Name             Origin             Length             Attributes
ram              0x0000000000218000 0x0000000002000000
rom              0x0000000060000000 0x0000000000800000
*default*        0x0000000000000000 0xffffffffffffffff

Linker script and memory map


data            0x0000000000218000        0x0
                0x0000000000218000                _DataStart = .
 *(.data)
                0x0000000000218000                _DataEnd = .

bss             0x0000000000218000        0x0
                0x0000000000218000                _BssStart = .
 *(.bss)
                0x0000000000218000                _BssEnd = .

text            0x0000000000218000     0x4c24
 *(.text)
 .text          0x0000000000218000       0xb4 bin/kernel.o
                0x0000000000218000                main
 .text          0x00000000002180b4      0x538 bin/kernInit.o
                0x0000000000218580                Init
 .text          0x00000000002185ec      0x5ec bin/syscall_kern.o
                0x000000000021899c                Scheduler_getNextReadyTask
                0x00000000002188f4                Scheduler_pushQueue
                0x00000000002189fc                Message_isSendQueueEmpty
                0x00000000002185ec                Task_create
                0x0000000000218b28                Message_pushSendQueue
                0x0000000000218a78                Message_popSendQueue
 .text          0x0000000000218bd8      0x92c bin/syscall_kernHandler.o
                0x0000000000218e30                syscall_kernHandler
 .text          0x0000000000219504      0x6e0 bin/syscall_userHandler.o
                0x0000000000219634                Send
                0x00000000002195a8                MyParentTid
                0x00000000002195dc                Pass
                0x0000000000219a30                getc
                0x00000000002197c8                WhoIs
                0x0000000000219528                Create
                0x0000000000219834                AwaitEvent
                0x00000000002196a0                Receive
                0x00000000002196f8                Reply
                0x0000000000219574                MyTid
                0x0000000000219608                Exit
                0x000000000021990c                DelayUntil
                0x0000000000219b08                putc
                0x0000000000219750                RegisterAs
                0x0000000000219874                Delay
                0x00000000002199a4                Time
 .text          0x0000000000219be4      0x178 bin/first_user_task.o
                0x0000000000219be4                idleTask
                0x0000000000219c40                firstUserTask
                0x0000000000219bf8                testGetcCom2
 .text          0x0000000000219d5c      0x594 bin/nameServer.o
                0x0000000000219ef4                nameServer
 .text          0x000000000021a2f0      0x538 bin/clockServer.o
                0x000000000021a52c                clockServer
 .text          0x000000000021a828      0x668 bin/uartServer2.o
                0x000000000021a974                UART2_Server
 .text          0x000000000021ae90      0x864 bin/RPS.o
                0x000000000021afd8                wait
                0x000000000021b02c                RPS_Server
 .text          0x000000000021b6f4       0xb0 bin/contextSwitch.o
                0x000000000021b780                kerxit
                0x000000000021b6f4                hwi_kerent
                0x000000000021b744                kerent
 .text          0x000000000021b7a4      0xc54 bin/bwio.o
                0x000000000021bb1c                bwputr
                0x000000000021c088                bwi2a
                0x000000000021b7a4                bwsetfifo
                0x000000000021b978                bwputc
                0x000000000021bdd8                bwa2d
                0x000000000021b86c                bwsetspeed
                0x000000000021ba3c                c2x
                0x000000000021be80                bwa2i
                0x000000000021bd20                bwgetc
                0x000000000021bf44                bwui2a
                0x000000000021c0ec                bwformat
                0x000000000021bc18                bwputw
                0x000000000021c3c0                bwprintf
                0x000000000021ba9c                bwputx
                0x000000000021bb9c                bwputstr
 .text          0x000000000021c3f8      0x1c0 bin/utils.o
                0x000000000021c3f8                memcpy
                0x000000000021c538                strEnq
                0x000000000021c4e4                strLen
 .text          0x000000000021c5b8      0x110 /u/wbcowan/gnuarm-4.0.2/lib/gcc/arm-elf/4.0.2/libgcc.a(_udivsi3.o)
                0x000000000021c5b8                __udivsi3
                0x000000000021c6b0                __aeabi_uidivmod
 .text          0x000000000021c6c8       0xcc /u/wbcowan/gnuarm-4.0.2/lib/gcc/arm-elf/4.0.2/libgcc.a(_umodsi3.o)
                0x000000000021c6c8                __umodsi3
 .text          0x000000000021c794        0x4 /u/wbcowan/gnuarm-4.0.2/lib/gcc/arm-elf/4.0.2/libgcc.a(_dvmd_tls.o)
                0x000000000021c794                __aeabi_ldiv0
                0x000000000021c794                __div0
                0x000000000021c794                __aeabi_idiv0
 *(.got)
 .got           0x000000000021c798       0x2c bin/kernInit.o
 *(.got.plt)
 .got.plt       0x000000000021c7c4        0xc bin/kernInit.o
                0x000000000021c7c4                _GLOBAL_OFFSET_TABLE_
 *(.rodata)
 .rodata        0x000000000021c7d0       0x30 bin/syscall_userHandler.o
 .rodata        0x000000000021c800       0xd0 bin/first_user_task.o
 .rodata        0x000000000021c8d0       0x94 bin/clockServer.o
 .rodata        0x000000000021c964       0xb0 bin/uartServer2.o
 .rodata        0x000000000021ca14      0x210 bin/RPS.o
 *(.glue_7)
 *(.glue_7t)

.rel.dyn
LOAD bin/kernel.o
LOAD bin/kernInit.o
LOAD bin/syscall_kern.o
LOAD bin/syscall_kernHandler.o
LOAD bin/syscall_userHandler.o
LOAD bin/first_user_task.o
LOAD bin/nameServer.o
LOAD bin/clockServer.o
LOAD bin/uartServer1.o
LOAD bin/uartServer2.o
LOAD bin/RPS.o
LOAD bin/contextSwitch.o
LOAD bin/bwio.o
LOAD bin/utils.o
LOAD /u/wbcowan/gnuarm-4.0.2/lib/gcc/arm-elf/4.0.2/libgcc.a
OUTPUT(kernel4.elf elf32-littlearm)

.comment        0x0000000000000000       0xfc
 .comment       0x0000000000000000       0x12 bin/kernel.o
 .comment       0x0000000000000012       0x12 bin/kernInit.o
 .comment       0x0000000000000024       0x12 bin/syscall_kern.o
 .comment       0x0000000000000036       0x12 bin/syscall_kernHandler.o
 .comment       0x0000000000000048       0x12 bin/syscall_userHandler.o
 .comment       0x000000000000005a       0x12 bin/first_user_task.o
 .comment       0x000000000000006c       0x12 bin/nameServer.o
 .comment       0x000000000000007e       0x12 bin/clockServer.o
 .comment       0x0000000000000090       0x12 bin/uartServer1.o
 .comment       0x00000000000000a2       0x12 bin/uartServer2.o
 .comment       0x00000000000000b4       0x12 bin/RPS.o
 .comment       0x00000000000000c6       0x12 bin/contextSwitch.o
 .comment       0x00000000000000d8       0x12 bin/bwio.o
 .comment       0x00000000000000ea       0x12 bin/utils.o

.debug_line     0x0000000000000000      0x14f
 .debug_line    0x0000000000000000       0x86 /u/wbcowan/gnuarm-4.0.2/lib/gcc/arm-elf/4.0.2/libgcc.a(_udivsi3.o)
 .debug_line    0x0000000000000086       0x6f /u/wbcowan/gnuarm-4.0.2/lib/gcc/arm-elf/4.0.2/libgcc.a(_umodsi3.o)
 .debug_line    0x00000000000000f5       0x5a /u/wbcowan/gnuarm-4.0.2/lib/gcc/arm-elf/4.0.2/libgcc.a(_dvmd_tls.o)

.debug_info     0x0000000000000000      0x153
 .debug_info    0x0000000000000000       0x71 /u/wbcowan/gnuarm-4.0.2/lib/gcc/arm-elf/4.0.2/libgcc.a(_udivsi3.o)
 .debug_info    0x0000000000000071       0x71 /u/wbcowan/gnuarm-4.0.2/lib/gcc/arm-elf/4.0.2/libgcc.a(_umodsi3.o)
 .debug_info    0x00000000000000e2       0x71 /u/wbcowan/gnuarm-4.0.2/lib/gcc/arm-elf/4.0.2/libgcc.a(_dvmd_tls.o)

.debug_abbrev   0x0000000000000000       0x3c
 .debug_abbrev  0x0000000000000000       0x14 /u/wbcowan/gnuarm-4.0.2/lib/gcc/arm-elf/4.0.2/libgcc.a(_udivsi3.o)
 .debug_abbrev  0x0000000000000014       0x14 /u/wbcowan/gnuarm-4.0.2/lib/gcc/arm-elf/4.0.2/libgcc.a(_umodsi3.o)
 .debug_abbrev  0x0000000000000028       0x14 /u/wbcowan/gnuarm-4.0.2/lib/gcc/arm-elf/4.0.2/libgcc.a(_dvmd_tls.o)

.debug_aranges  0x0000000000000000       0x60
 .debug_aranges
                0x0000000000000000       0x20 /u/wbcowan/gnuarm-4.0.2/lib/gcc/arm-elf/4.0.2/libgcc.a(_udivsi3.o)
 .debug_aranges
                0x0000000000000020       0x20 /u/wbcowan/gnuarm-4.0.2/lib/gcc/arm-elf/4.0.2/libgcc.a(_umodsi3.o)
 .debug_aranges
                0x0000000000000040       0x20 /u/wbcowan/gnuarm-4.0.2/lib/gcc/arm-elf/4.0.2/libgcc.a(_dvmd_tls.o)
