Archive member included because of file (symbol)

/u/wbcowan/gnuarm-4.0.2/lib/gcc/arm-elf/4.0.2/libgcc.a(_udivsi3.o)
                              bin/bwio.o (__udivsi3)
/u/wbcowan/gnuarm-4.0.2/lib/gcc/arm-elf/4.0.2/libgcc.a(_umodsi3.o)
                              bin/bwio.o (__umodsi3)
/u/wbcowan/gnuarm-4.0.2/lib/gcc/arm-elf/4.0.2/libgcc.a(_dvmd_tls.o)
                              /u/wbcowan/gnuarm-4.0.2/lib/gcc/arm-elf/4.0.2/libgcc.a(_udivsi3.o) (__div0)

Memory Configuration

Name             Origin             Length             Attributes
ram              0x0000000000218000 0x0000000002000000
rom              0x0000000060000000 0x0000000000800000
*default*        0x0000000000000000 0xffffffffffffffff

Linker script and memory map


data            0x0000000000218000        0x0
                0x0000000000218000                _DataStart = .
 *(.data)
                0x0000000000218000                _DataEnd = .

bss             0x0000000000218000        0x0
                0x0000000000218000                _BssStart = .
 *(.bss)
                0x0000000000218000                _BssEnd = .

text            0x0000000000218000     0x3fd0
 *(.text)
 .text          0x0000000000218000       0xc0 bin/kernel.o
                0x0000000000218000                main
 .text          0x00000000002180c0      0x30c bin/kernInit.o
                0x000000000021836c                Init
 .text          0x00000000002183cc      0x5ec bin/syscall_kern.o
                0x000000000021877c                Scheduler_getNextReadyTask
                0x00000000002186d4                Scheduler_pushQueue
                0x00000000002187dc                Message_isSendQueueEmpty
                0x00000000002183cc                Task_create
                0x0000000000218908                Message_pushSendQueue
                0x0000000000218858                Message_popSendQueue
 .text          0x00000000002189b8      0x620 bin/syscall_kernHandler.o
                0x00000000002189b8                syscall_kernHandler
 .text          0x0000000000218fd8      0x50c bin/syscall_userHandler.o
                0x0000000000219108                Send
                0x000000000021907c                MyParentTid
                0x00000000002190b0                Pass
                0x000000000021929c                WhoIs
                0x0000000000218ffc                Create
                0x0000000000219308                AwaitEvent
                0x0000000000219174                Receive
                0x00000000002191cc                Reply
                0x0000000000219048                MyTid
                0x00000000002190dc                Exit
                0x00000000002193e0                DelayUntil
                0x0000000000219224                RegisterAs
                0x0000000000219348                Delay
                0x0000000000219478                Time
 .text          0x00000000002194e4      0x340 bin/first_user_task.o
                0x00000000002194e4                idleTask
                0x0000000000219728                firstUserTask
 .text          0x0000000000219824      0x594 bin/nameServer.o
                0x00000000002199bc                nameServer
 .text          0x0000000000219db8      0x5c8 bin/clockServer.o
                0x000000000021a084                clockServer
 .text          0x000000000021a380      0x864 bin/RPS.o
                0x000000000021a4c8                wait
                0x000000000021a51c                RPS_Server
 .text          0x000000000021abe4       0xac bin/contextSwitch.o
                0x000000000021ac6c                kerxit
                0x000000000021abe4                hwi_kerent
                0x000000000021ac30                kerent
 .text          0x000000000021ac90      0xc54 bin/bwio.o
                0x000000000021b008                bwputr
                0x000000000021b574                bwi2a
                0x000000000021ac90                bwsetfifo
                0x000000000021ae64                bwputc
                0x000000000021b2c4                bwa2d
                0x000000000021ad58                bwsetspeed
                0x000000000021af28                c2x
                0x000000000021b36c                bwa2i
                0x000000000021b20c                bwgetc
                0x000000000021b430                bwui2a
                0x000000000021b5d8                bwformat
                0x000000000021b104                bwputw
                0x000000000021b8ac                bwprintf
                0x000000000021af88                bwputx
                0x000000000021b088                bwputstr
 .text          0x000000000021b8e4      0x1c0 bin/utils.o
                0x000000000021b8e4                memcpy
                0x000000000021ba24                strEnq
                0x000000000021b9d0                strLen
 .text          0x000000000021baa4      0x110 /u/wbcowan/gnuarm-4.0.2/lib/gcc/arm-elf/4.0.2/libgcc.a(_udivsi3.o)
                0x000000000021baa4                __udivsi3
                0x000000000021bb9c                __aeabi_uidivmod
 .text          0x000000000021bbb4       0xcc /u/wbcowan/gnuarm-4.0.2/lib/gcc/arm-elf/4.0.2/libgcc.a(_umodsi3.o)
                0x000000000021bbb4                __umodsi3
 .text          0x000000000021bc80        0x4 /u/wbcowan/gnuarm-4.0.2/lib/gcc/arm-elf/4.0.2/libgcc.a(_dvmd_tls.o)
                0x000000000021bc80                __aeabi_ldiv0
                0x000000000021bc80                __div0
                0x000000000021bc80                __aeabi_idiv0
 *(.got)
 .got           0x000000000021bc84       0x2c bin/kernInit.o
 *(.got.plt)
 .got.plt       0x000000000021bcb0        0xc bin/kernInit.o
                0x000000000021bcb0                _GLOBAL_OFFSET_TABLE_
 *(.rodata)
 .rodata        0x000000000021bcbc       0x10 bin/syscall_userHandler.o
 .rodata        0x000000000021bccc       0x94 bin/first_user_task.o
 .rodata        0x000000000021bd60       0x60 bin/clockServer.o
 .rodata        0x000000000021bdc0      0x210 bin/RPS.o
 *(.glue_7)
 *(.glue_7t)

.rel.dyn
LOAD bin/kernel.o
LOAD bin/kernInit.o
LOAD bin/syscall_kern.o
LOAD bin/syscall_kernHandler.o
LOAD bin/syscall_userHandler.o
LOAD bin/first_user_task.o
LOAD bin/nameServer.o
LOAD bin/clockServer.o
LOAD bin/RPS.o
LOAD bin/contextSwitch.o
LOAD bin/bwio.o
LOAD bin/utils.o
LOAD /u/wbcowan/gnuarm-4.0.2/lib/gcc/arm-elf/4.0.2/libgcc.a
OUTPUT(kernel3.elf elf32-littlearm)

.comment        0x0000000000000000       0xd8
 .comment       0x0000000000000000       0x12 bin/kernel.o
 .comment       0x0000000000000012       0x12 bin/kernInit.o
 .comment       0x0000000000000024       0x12 bin/syscall_kern.o
 .comment       0x0000000000000036       0x12 bin/syscall_kernHandler.o
 .comment       0x0000000000000048       0x12 bin/syscall_userHandler.o
 .comment       0x000000000000005a       0x12 bin/first_user_task.o
 .comment       0x000000000000006c       0x12 bin/nameServer.o
 .comment       0x000000000000007e       0x12 bin/clockServer.o
 .comment       0x0000000000000090       0x12 bin/RPS.o
 .comment       0x00000000000000a2       0x12 bin/contextSwitch.o
 .comment       0x00000000000000b4       0x12 bin/bwio.o
 .comment       0x00000000000000c6       0x12 bin/utils.o

.debug_line     0x0000000000000000      0x14f
 .debug_line    0x0000000000000000       0x86 /u/wbcowan/gnuarm-4.0.2/lib/gcc/arm-elf/4.0.2/libgcc.a(_udivsi3.o)
 .debug_line    0x0000000000000086       0x6f /u/wbcowan/gnuarm-4.0.2/lib/gcc/arm-elf/4.0.2/libgcc.a(_umodsi3.o)
 .debug_line    0x00000000000000f5       0x5a /u/wbcowan/gnuarm-4.0.2/lib/gcc/arm-elf/4.0.2/libgcc.a(_dvmd_tls.o)

.debug_info     0x0000000000000000      0x153
 .debug_info    0x0000000000000000       0x71 /u/wbcowan/gnuarm-4.0.2/lib/gcc/arm-elf/4.0.2/libgcc.a(_udivsi3.o)
 .debug_info    0x0000000000000071       0x71 /u/wbcowan/gnuarm-4.0.2/lib/gcc/arm-elf/4.0.2/libgcc.a(_umodsi3.o)
 .debug_info    0x00000000000000e2       0x71 /u/wbcowan/gnuarm-4.0.2/lib/gcc/arm-elf/4.0.2/libgcc.a(_dvmd_tls.o)

.debug_abbrev   0x0000000000000000       0x3c
 .debug_abbrev  0x0000000000000000       0x14 /u/wbcowan/gnuarm-4.0.2/lib/gcc/arm-elf/4.0.2/libgcc.a(_udivsi3.o)
 .debug_abbrev  0x0000000000000014       0x14 /u/wbcowan/gnuarm-4.0.2/lib/gcc/arm-elf/4.0.2/libgcc.a(_umodsi3.o)
 .debug_abbrev  0x0000000000000028       0x14 /u/wbcowan/gnuarm-4.0.2/lib/gcc/arm-elf/4.0.2/libgcc.a(_dvmd_tls.o)

.debug_aranges  0x0000000000000000       0x60
 .debug_aranges
                0x0000000000000000       0x20 /u/wbcowan/gnuarm-4.0.2/lib/gcc/arm-elf/4.0.2/libgcc.a(_udivsi3.o)
 .debug_aranges
                0x0000000000000020       0x20 /u/wbcowan/gnuarm-4.0.2/lib/gcc/arm-elf/4.0.2/libgcc.a(_umodsi3.o)
 .debug_aranges
                0x0000000000000040       0x20 /u/wbcowan/gnuarm-4.0.2/lib/gcc/arm-elf/4.0.2/libgcc.a(_dvmd_tls.o)
