Archive member included because of file (symbol)

/u/wbcowan/gnuarm-4.0.2/lib/gcc/arm-elf/4.0.2/libgcc.a(_udivsi3.o)
                              bin/first_user_task.o (__udivsi3)
/u/wbcowan/gnuarm-4.0.2/lib/gcc/arm-elf/4.0.2/libgcc.a(_umodsi3.o)
                              bin/bwio.o (__umodsi3)
/u/wbcowan/gnuarm-4.0.2/lib/gcc/arm-elf/4.0.2/libgcc.a(_dvmd_tls.o)
                              /u/wbcowan/gnuarm-4.0.2/lib/gcc/arm-elf/4.0.2/libgcc.a(_udivsi3.o) (__div0)

Memory Configuration

Name             Origin             Length             Attributes
ram              0x0000000000218000 0x0000000002000000
rom              0x0000000060000000 0x0000000000800000
*default*        0x0000000000000000 0xffffffffffffffff

Linker script and memory map


data            0x0000000000218000        0x0
                0x0000000000218000                _DataStart = .
 *(.data)
                0x0000000000218000                _DataEnd = .

bss             0x0000000000218000        0x0
                0x0000000000218000                _BssStart = .
 *(.bss)
                0x0000000000218000                _BssEnd = .

text            0x0000000000218000     0x8320
 *(.text)
 .text          0x0000000000218000       0xbc bin/kernel.o
                0x0000000000218000                main
 .text          0x00000000002180bc      0x54c bin/kernInit.o
                0x0000000000218584                Init
 .text          0x0000000000218608      0x5ec bin/syscall_kern.o
                0x00000000002189b8                Scheduler_getNextReadyTask
                0x0000000000218910                Scheduler_pushQueue
                0x0000000000218a18                Message_isSendQueueEmpty
                0x0000000000218608                Task_create
                0x0000000000218b44                Message_pushSendQueue
                0x0000000000218a94                Message_popSendQueue
 .text          0x0000000000218bf4      0xae0 bin/syscall_kernHandler.o
                0x0000000000218f34                syscall_kernHandler
 .text          0x00000000002196d4      0x698 bin/syscall_userHandler.o
                0x0000000000219804                Send
                0x0000000000219778                MyParentTid
                0x0000000000219d38                NeedToShutDown
                0x00000000002197ac                Pass
                0x0000000000219bb8                getc
                0x0000000000219998                WhoIs
                0x00000000002196f8                Create
                0x0000000000219a04                AwaitEvent
                0x0000000000219870                Receive
                0x00000000002198c8                Reply
                0x0000000000219744                MyTid
                0x00000000002197d8                Exit
                0x0000000000219d0c                ShutDown
                0x0000000000219ad4                DelayUntil
                0x0000000000219c5c                putc
                0x0000000000219920                RegisterAs
                0x0000000000219a5c                Delay
                0x0000000000219b4c                Time
 .text          0x0000000000219d6c      0x2c4 bin/first_user_task.o
                0x0000000000219f00                firstUserTask
 .text          0x000000000021a030      0x594 bin/nameServer.o
                0x000000000021a1c8                nameServer
 .text          0x000000000021a5c4      0x558 bin/clockServer.o
                0x000000000021a7f0                clockServer
 .text          0x000000000021ab1c      0x600 bin/uartServer1.o
                0x000000000021ac28                UART1_Server
 .text          0x000000000021b11c      0x7e0 bin/uartServer2.o
                0x000000000021b228                UART2_Server
 .text          0x000000000021b8fc     0x1cfc bin/processors.o
                0x000000000021d364                cmdProcessor
                0x000000000021bef4                updateSwitchState
                0x000000000021c850                processFeed
                0x000000000021cc30                highlightSensor
                0x000000000021c0d4                processCmd
                0x000000000021b8fc                initUI
                0x000000000021d25c                sensorFeedProcessor
                0x000000000021c798                array2int
 .text          0x000000000021d5f8       0xac bin/contextSwitch.o
                0x000000000021d680                kerxit
                0x000000000021d5f8                hwi_kerent
                0x000000000021d648                kerent
 .text          0x000000000021d6a4      0xc54 bin/bwio.o
                0x000000000021da1c                bwputr
                0x000000000021df88                bwi2a
                0x000000000021d6a4                bwsetfifo
                0x000000000021d878                bwputc
                0x000000000021dcd8                bwa2d
                0x000000000021d76c                bwsetspeed
                0x000000000021d93c                c2x
                0x000000000021dd80                bwa2i
                0x000000000021dc20                bwgetc
                0x000000000021de44                bwui2a
                0x000000000021dfec                bwformat
                0x000000000021db18                bwputw
                0x000000000021e2c0                bwprintf
                0x000000000021d99c                bwputx
                0x000000000021da9c                bwputstr
 .text          0x000000000021e2f8      0x91c bin/serialio.o
                0x000000000021e4d4                putw
                0x000000000021e458                putstr
                0x000000000021e88c                i2a
                0x000000000021e8f0                format
                0x000000000021e358                putx
                0x000000000021e2f8                sc2x
                0x000000000021e748                ui2a
                0x000000000021e684                a2i
                0x000000000021e5dc                a2d
                0x000000000021ebc4                sprintf
                0x000000000021e3d8                putr
 .text          0x000000000021ec14      0x1c0 bin/utils.o
                0x000000000021ec14                memcpy
                0x000000000021ed54                strEnq
                0x000000000021ed00                strLen
 .text          0x000000000021edd4      0x9f0 bin/trackServer.o
                0x000000000021f76c                initTrain
                0x000000000021f68c                changeSwitchStatus
                0x000000000021f038                trackServer
                0x000000000021f4f4                changeTrainSpeed
                0x000000000021f574                reverseTrain
                0x000000000021f630                getSwitchStatus
                0x000000000021f718                updateLastTriggeredSensor
                0x000000000021f498                getTrainSpeed
 .text          0x000000000021f7c4      0x110 /u/wbcowan/gnuarm-4.0.2/lib/gcc/arm-elf/4.0.2/libgcc.a(_udivsi3.o)
                0x000000000021f7c4                __udivsi3
                0x000000000021f8bc                __aeabi_uidivmod
 .text          0x000000000021f8d4       0xcc /u/wbcowan/gnuarm-4.0.2/lib/gcc/arm-elf/4.0.2/libgcc.a(_umodsi3.o)
                0x000000000021f8d4                __umodsi3
 .text          0x000000000021f9a0        0x4 /u/wbcowan/gnuarm-4.0.2/lib/gcc/arm-elf/4.0.2/libgcc.a(_dvmd_tls.o)
                0x000000000021f9a0                __aeabi_ldiv0
                0x000000000021f9a0                __div0
                0x000000000021f9a0                __aeabi_idiv0
 *(.got)
 .got           0x000000000021f9a4       0x40 bin/kernInit.o
 *(.got.plt)
 .got.plt       0x000000000021f9e4        0xc bin/kernInit.o
                0x000000000021f9e4                _GLOBAL_OFFSET_TABLE_
 *(.rodata)
 .rodata        0x000000000021f9f0       0x48 bin/first_user_task.o
 .rodata        0x000000000021fa38       0x50 bin/clockServer.o
 .rodata        0x000000000021fa88       0x10 bin/uartServer1.o
 .rodata        0x000000000021fa98       0x10 bin/uartServer2.o
 .rodata        0x000000000021faa8      0x84c bin/processors.o
 .rodata        0x00000000002202f4       0x2c bin/trackServer.o
 *(.glue_7)
 *(.glue_7t)

.rel.dyn
LOAD bin/kernel.o
LOAD bin/kernInit.o
LOAD bin/syscall_kern.o
LOAD bin/syscall_kernHandler.o
LOAD bin/syscall_userHandler.o
LOAD bin/first_user_task.o
LOAD bin/nameServer.o
LOAD bin/clockServer.o
LOAD bin/uartServer1.o
LOAD bin/uartServer2.o
LOAD bin/processors.o
LOAD bin/contextSwitch.o
LOAD bin/bwio.o
LOAD bin/serialio.o
LOAD bin/utils.o
LOAD bin/trackServer.o
LOAD bin/routeServer.o
LOAD /u/wbcowan/gnuarm-4.0.2/lib/gcc/arm-elf/4.0.2/libgcc.a
OUTPUT(kernelF.elf elf32-littlearm)

.comment        0x0000000000000000      0x132
 .comment       0x0000000000000000       0x12 bin/kernel.o
 .comment       0x0000000000000012       0x12 bin/kernInit.o
 .comment       0x0000000000000024       0x12 bin/syscall_kern.o
 .comment       0x0000000000000036       0x12 bin/syscall_kernHandler.o
 .comment       0x0000000000000048       0x12 bin/syscall_userHandler.o
 .comment       0x000000000000005a       0x12 bin/first_user_task.o
 .comment       0x000000000000006c       0x12 bin/nameServer.o
 .comment       0x000000000000007e       0x12 bin/clockServer.o
 .comment       0x0000000000000090       0x12 bin/uartServer1.o
 .comment       0x00000000000000a2       0x12 bin/uartServer2.o
 .comment       0x00000000000000b4       0x12 bin/processors.o
 .comment       0x00000000000000c6       0x12 bin/contextSwitch.o
 .comment       0x00000000000000d8       0x12 bin/bwio.o
 .comment       0x00000000000000ea       0x12 bin/serialio.o
 .comment       0x00000000000000fc       0x12 bin/utils.o
 .comment       0x000000000000010e       0x12 bin/trackServer.o
 .comment       0x0000000000000120       0x12 bin/routeServer.o

.debug_line     0x0000000000000000      0x14f
 .debug_line    0x0000000000000000       0x86 /u/wbcowan/gnuarm-4.0.2/lib/gcc/arm-elf/4.0.2/libgcc.a(_udivsi3.o)
 .debug_line    0x0000000000000086       0x6f /u/wbcowan/gnuarm-4.0.2/lib/gcc/arm-elf/4.0.2/libgcc.a(_umodsi3.o)
 .debug_line    0x00000000000000f5       0x5a /u/wbcowan/gnuarm-4.0.2/lib/gcc/arm-elf/4.0.2/libgcc.a(_dvmd_tls.o)

.debug_info     0x0000000000000000      0x153
 .debug_info    0x0000000000000000       0x71 /u/wbcowan/gnuarm-4.0.2/lib/gcc/arm-elf/4.0.2/libgcc.a(_udivsi3.o)
 .debug_info    0x0000000000000071       0x71 /u/wbcowan/gnuarm-4.0.2/lib/gcc/arm-elf/4.0.2/libgcc.a(_umodsi3.o)
 .debug_info    0x00000000000000e2       0x71 /u/wbcowan/gnuarm-4.0.2/lib/gcc/arm-elf/4.0.2/libgcc.a(_dvmd_tls.o)

.debug_abbrev   0x0000000000000000       0x3c
 .debug_abbrev  0x0000000000000000       0x14 /u/wbcowan/gnuarm-4.0.2/lib/gcc/arm-elf/4.0.2/libgcc.a(_udivsi3.o)
 .debug_abbrev  0x0000000000000014       0x14 /u/wbcowan/gnuarm-4.0.2/lib/gcc/arm-elf/4.0.2/libgcc.a(_umodsi3.o)
 .debug_abbrev  0x0000000000000028       0x14 /u/wbcowan/gnuarm-4.0.2/lib/gcc/arm-elf/4.0.2/libgcc.a(_dvmd_tls.o)

.debug_aranges  0x0000000000000000       0x60
 .debug_aranges
                0x0000000000000000       0x20 /u/wbcowan/gnuarm-4.0.2/lib/gcc/arm-elf/4.0.2/libgcc.a(_udivsi3.o)
 .debug_aranges
                0x0000000000000020       0x20 /u/wbcowan/gnuarm-4.0.2/lib/gcc/arm-elf/4.0.2/libgcc.a(_umodsi3.o)
 .debug_aranges
                0x0000000000000040       0x20 /u/wbcowan/gnuarm-4.0.2/lib/gcc/arm-elf/4.0.2/libgcc.a(_dvmd_tls.o)
