Archive member included because of file (symbol)

/u/wbcowan/gnuarm-4.0.2/lib/gcc/arm-elf/4.0.2/libgcc.a(_udivsi3.o)
                              bin/bwio.o (__udivsi3)
/u/wbcowan/gnuarm-4.0.2/lib/gcc/arm-elf/4.0.2/libgcc.a(_umodsi3.o)
                              bin/bwio.o (__umodsi3)
/u/wbcowan/gnuarm-4.0.2/lib/gcc/arm-elf/4.0.2/libgcc.a(_dvmd_tls.o)
                              /u/wbcowan/gnuarm-4.0.2/lib/gcc/arm-elf/4.0.2/libgcc.a(_udivsi3.o) (__div0)

Memory Configuration

Name             Origin             Length             Attributes
ram              0x0000000000218000 0x0000000002000000
rom              0x0000000060000000 0x0000000000800000
*default*        0x0000000000000000 0xffffffffffffffff

Linker script and memory map


data            0x0000000000218000        0x0
                0x0000000000218000                _DataStart = .
 *(.data)
                0x0000000000218000                _DataEnd = .

bss             0x0000000000218000        0x0
                0x0000000000218000                _BssStart = .
 *(.bss)
                0x0000000000218000                _BssEnd = .

text            0x0000000000218000     0x798c
 *(.text)
 .text          0x0000000000218000       0xcc bin/kernel.o
                0x0000000000218000                main
 .text          0x00000000002180cc      0x508 bin/kernInit.o
                0x000000000021855c                Init
 .text          0x00000000002185d4      0x5ec bin/syscall_kern.o
                0x0000000000218984                Scheduler_getNextReadyTask
                0x00000000002188dc                Scheduler_pushQueue
                0x00000000002189e4                Message_isSendQueueEmpty
                0x00000000002185d4                Task_create
                0x0000000000218b10                Message_pushSendQueue
                0x0000000000218a60                Message_popSendQueue
 .text          0x0000000000218bc0      0xb3c bin/syscall_kernHandler.o
                0x0000000000218f44                syscall_kernHandler
 .text          0x00000000002196fc      0x638 bin/syscall_userHandler.o
                0x000000000021982c                Send
                0x00000000002197a0                MyParentTid
                0x00000000002197d4                Pass
                0x0000000000219be0                getc
                0x00000000002199c0                WhoIs
                0x0000000000219720                Create
                0x0000000000219a2c                AwaitEvent
                0x0000000000219898                Receive
                0x00000000002198f0                Reply
                0x000000000021976c                MyTid
                0x0000000000219800                Exit
                0x0000000000219afc                DelayUntil
                0x0000000000219c84                putc
                0x0000000000219948                RegisterAs
                0x0000000000219a84                Delay
                0x0000000000219b74                Time
 .text          0x0000000000219d34      0x19c bin/first_user_task.o
                0x0000000000219d34                idleTask
                0x0000000000219d48                debugTimerInit
                0x0000000000219d8c                firstUserTask
 .text          0x0000000000219ed0      0x594 bin/nameServer.o
                0x000000000021a068                nameServer
 .text          0x000000000021a464      0x578 bin/clockServer.o
                0x000000000021a6a8                clockServer
 .text          0x000000000021a9dc      0x628 bin/uartServer1.o
                0x000000000021ab04                UART1_Server
 .text          0x000000000021b004      0x628 bin/uartServer2.o
                0x000000000021b12c                UART2_Server
 .text          0x000000000021b62c     0x1af0 bin/processors.o
                0x000000000021ce74                cmdProcessor
                0x000000000021b97c                updateSwitchState
                0x000000000021c6e8                processFeed
                0x000000000021bef0                processCmd
                0x000000000021b62c                initUI
                0x000000000021cb20                sensorFeedProcessor
                0x000000000021c630                array2int
 .text          0x000000000021d11c      0x864 bin/RPS.o
                0x000000000021d264                wait
                0x000000000021d2b8                RPS_Server
 .text          0x000000000021d980       0xac bin/contextSwitch.o
                0x000000000021da08                kerxit
                0x000000000021d980                hwi_kerent
                0x000000000021d9d0                kerent
 .text          0x000000000021da2c      0xc54 bin/bwio.o
                0x000000000021dda4                bwputr
                0x000000000021e310                bwi2a
                0x000000000021da2c                bwsetfifo
                0x000000000021dc00                bwputc
                0x000000000021e060                bwa2d
                0x000000000021daf4                bwsetspeed
                0x000000000021dcc4                c2x
                0x000000000021e108                bwa2i
                0x000000000021dfa8                bwgetc
                0x000000000021e1cc                bwui2a
                0x000000000021e374                bwformat
                0x000000000021dea0                bwputw
                0x000000000021e648                bwprintf
                0x000000000021dd24                bwputx
                0x000000000021de24                bwputstr
 .text          0x000000000021e680      0x904 bin/serialio.o
                0x000000000021e85c                putw
                0x000000000021e7e0                putstr
                0x000000000021ec14                i2a
                0x000000000021ec78                format
                0x000000000021e6e0                putx
                0x000000000021e680                sc2x
                0x000000000021ead0                ui2a
                0x000000000021ea0c                a2i
                0x000000000021e964                a2d
                0x000000000021ef4c                sprintf
                0x000000000021e760                putr
 .text          0x000000000021ef84      0x1c0 bin/utils.o
                0x000000000021ef84                memcpy
                0x000000000021f0c4                strEnq
                0x000000000021f070                strLen
 .text          0x000000000021f144      0x110 /u/wbcowan/gnuarm-4.0.2/lib/gcc/arm-elf/4.0.2/libgcc.a(_udivsi3.o)
                0x000000000021f144                __udivsi3
                0x000000000021f23c                __aeabi_uidivmod
 .text          0x000000000021f254       0xcc /u/wbcowan/gnuarm-4.0.2/lib/gcc/arm-elf/4.0.2/libgcc.a(_umodsi3.o)
                0x000000000021f254                __umodsi3
 .text          0x000000000021f320        0x4 /u/wbcowan/gnuarm-4.0.2/lib/gcc/arm-elf/4.0.2/libgcc.a(_dvmd_tls.o)
                0x000000000021f320                __aeabi_ldiv0
                0x000000000021f320                __div0
                0x000000000021f320                __aeabi_idiv0
 *(.got)
 .got           0x000000000021f324       0x3c bin/kernInit.o
 *(.got.plt)
 .got.plt       0x000000000021f360        0xc bin/kernInit.o
                0x000000000021f360                _GLOBAL_OFFSET_TABLE_
 *(.rodata)
 .rodata        0x000000000021f36c       0x10 bin/first_user_task.o
 .rodata        0x000000000021f37c       0x50 bin/clockServer.o
 .rodata        0x000000000021f3cc       0x10 bin/uartServer1.o
 .rodata        0x000000000021f3dc       0x10 bin/uartServer2.o
 .rodata        0x000000000021f3ec      0x390 bin/processors.o
 .rodata        0x000000000021f77c      0x210 bin/RPS.o
 *(.glue_7)
 *(.glue_7t)

.rel.dyn
LOAD bin/kernel.o
LOAD bin/kernInit.o
LOAD bin/syscall_kern.o
LOAD bin/syscall_kernHandler.o
LOAD bin/syscall_userHandler.o
LOAD bin/first_user_task.o
LOAD bin/nameServer.o
LOAD bin/clockServer.o
LOAD bin/uartServer1.o
LOAD bin/uartServer2.o
LOAD bin/processors.o
LOAD bin/RPS.o
LOAD bin/contextSwitch.o
LOAD bin/bwio.o
LOAD bin/serialio.o
LOAD bin/utils.o
LOAD /u/wbcowan/gnuarm-4.0.2/lib/gcc/arm-elf/4.0.2/libgcc.a
OUTPUT(kernelF.elf elf32-littlearm)

.comment        0x0000000000000000      0x120
 .comment       0x0000000000000000       0x12 bin/kernel.o
 .comment       0x0000000000000012       0x12 bin/kernInit.o
 .comment       0x0000000000000024       0x12 bin/syscall_kern.o
 .comment       0x0000000000000036       0x12 bin/syscall_kernHandler.o
 .comment       0x0000000000000048       0x12 bin/syscall_userHandler.o
 .comment       0x000000000000005a       0x12 bin/first_user_task.o
 .comment       0x000000000000006c       0x12 bin/nameServer.o
 .comment       0x000000000000007e       0x12 bin/clockServer.o
 .comment       0x0000000000000090       0x12 bin/uartServer1.o
 .comment       0x00000000000000a2       0x12 bin/uartServer2.o
 .comment       0x00000000000000b4       0x12 bin/processors.o
 .comment       0x00000000000000c6       0x12 bin/RPS.o
 .comment       0x00000000000000d8       0x12 bin/contextSwitch.o
 .comment       0x00000000000000ea       0x12 bin/bwio.o
 .comment       0x00000000000000fc       0x12 bin/serialio.o
 .comment       0x000000000000010e       0x12 bin/utils.o

.debug_line     0x0000000000000000      0x14f
 .debug_line    0x0000000000000000       0x86 /u/wbcowan/gnuarm-4.0.2/lib/gcc/arm-elf/4.0.2/libgcc.a(_udivsi3.o)
 .debug_line    0x0000000000000086       0x6f /u/wbcowan/gnuarm-4.0.2/lib/gcc/arm-elf/4.0.2/libgcc.a(_umodsi3.o)
 .debug_line    0x00000000000000f5       0x5a /u/wbcowan/gnuarm-4.0.2/lib/gcc/arm-elf/4.0.2/libgcc.a(_dvmd_tls.o)

.debug_info     0x0000000000000000      0x153
 .debug_info    0x0000000000000000       0x71 /u/wbcowan/gnuarm-4.0.2/lib/gcc/arm-elf/4.0.2/libgcc.a(_udivsi3.o)
 .debug_info    0x0000000000000071       0x71 /u/wbcowan/gnuarm-4.0.2/lib/gcc/arm-elf/4.0.2/libgcc.a(_umodsi3.o)
 .debug_info    0x00000000000000e2       0x71 /u/wbcowan/gnuarm-4.0.2/lib/gcc/arm-elf/4.0.2/libgcc.a(_dvmd_tls.o)

.debug_abbrev   0x0000000000000000       0x3c
 .debug_abbrev  0x0000000000000000       0x14 /u/wbcowan/gnuarm-4.0.2/lib/gcc/arm-elf/4.0.2/libgcc.a(_udivsi3.o)
 .debug_abbrev  0x0000000000000014       0x14 /u/wbcowan/gnuarm-4.0.2/lib/gcc/arm-elf/4.0.2/libgcc.a(_umodsi3.o)
 .debug_abbrev  0x0000000000000028       0x14 /u/wbcowan/gnuarm-4.0.2/lib/gcc/arm-elf/4.0.2/libgcc.a(_dvmd_tls.o)

.debug_aranges  0x0000000000000000       0x60
 .debug_aranges
                0x0000000000000000       0x20 /u/wbcowan/gnuarm-4.0.2/lib/gcc/arm-elf/4.0.2/libgcc.a(_udivsi3.o)
 .debug_aranges
                0x0000000000000020       0x20 /u/wbcowan/gnuarm-4.0.2/lib/gcc/arm-elf/4.0.2/libgcc.a(_umodsi3.o)
 .debug_aranges
                0x0000000000000040       0x20 /u/wbcowan/gnuarm-4.0.2/lib/gcc/arm-elf/4.0.2/libgcc.a(_dvmd_tls.o)
