Archive member included because of file (symbol)

/u/wbcowan/gnuarm-4.0.2/lib/gcc/arm-elf/4.0.2/libgcc.a(_udivsi3.o)
                              bin/bwio.o (__udivsi3)
/u/wbcowan/gnuarm-4.0.2/lib/gcc/arm-elf/4.0.2/libgcc.a(_umodsi3.o)
                              bin/bwio.o (__umodsi3)
/u/wbcowan/gnuarm-4.0.2/lib/gcc/arm-elf/4.0.2/libgcc.a(_dvmd_tls.o)
                              /u/wbcowan/gnuarm-4.0.2/lib/gcc/arm-elf/4.0.2/libgcc.a(_udivsi3.o) (__div0)

Memory Configuration

Name             Origin             Length             Attributes
ram              0x0000000000218000 0x0000000002000000
rom              0x0000000060000000 0x0000000000800000
*default*        0x0000000000000000 0xffffffffffffffff

Linker script and memory map


data            0x0000000000218000        0x0
                0x0000000000218000                _DataStart = .
 *(.data)
                0x0000000000218000                _DataEnd = .

bss             0x0000000000218000        0x0
                0x0000000000218000                _BssStart = .
 *(.bss)
                0x0000000000218000                _BssEnd = .

text            0x0000000000218000     0x780c
 *(.text)
 .text          0x0000000000218000       0xcc bin/kernel.o
                0x0000000000218000                main
 .text          0x00000000002180cc      0x508 bin/kernInit.o
                0x000000000021855c                Init
 .text          0x00000000002185d4      0x5ec bin/syscall_kern.o
                0x0000000000218984                Scheduler_getNextReadyTask
                0x00000000002188dc                Scheduler_pushQueue
                0x00000000002189e4                Message_isSendQueueEmpty
                0x00000000002185d4                Task_create
                0x0000000000218b10                Message_pushSendQueue
                0x0000000000218a60                Message_popSendQueue
 .text          0x0000000000218bc0      0xb3c bin/syscall_kernHandler.o
                0x0000000000218f44                syscall_kernHandler
 .text          0x00000000002196fc      0x638 bin/syscall_userHandler.o
                0x000000000021982c                Send
                0x00000000002197a0                MyParentTid
                0x00000000002197d4                Pass
                0x0000000000219be0                getc
                0x00000000002199c0                WhoIs
                0x0000000000219720                Create
                0x0000000000219a2c                AwaitEvent
                0x0000000000219898                Receive
                0x00000000002198f0                Reply
                0x000000000021976c                MyTid
                0x0000000000219800                Exit
                0x0000000000219afc                DelayUntil
                0x0000000000219c84                putc
                0x0000000000219948                RegisterAs
                0x0000000000219a84                Delay
                0x0000000000219b74                Time
 .text          0x0000000000219d34      0x154 bin/first_user_task.o
                0x0000000000219d34                idleTask
                0x0000000000219d48                firstUserTask
 .text          0x0000000000219e88      0x594 bin/nameServer.o
                0x000000000021a020                nameServer
 .text          0x000000000021a41c      0x578 bin/clockServer.o
                0x000000000021a660                clockServer
 .text          0x000000000021a994      0x628 bin/uartServer1.o
                0x000000000021aabc                UART1_Server
 .text          0x000000000021afbc      0x628 bin/uartServer2.o
                0x000000000021b0e4                UART2_Server
 .text          0x000000000021b5e4     0x19c8 bin/processors.o
                0x000000000021cd04                cmdProcessor
                0x000000000021b934                updateSwitchState
                0x000000000021c6a0                processFeed
                0x000000000021bea8                processCmd
                0x000000000021b5e4                initUI
                0x000000000021caac                sensorFeedProcessor
                0x000000000021c5e8                array2int
 .text          0x000000000021cfac      0x864 bin/RPS.o
                0x000000000021d0f4                wait
                0x000000000021d148                RPS_Server
 .text          0x000000000021d810       0xac bin/contextSwitch.o
                0x000000000021d898                kerxit
                0x000000000021d810                hwi_kerent
                0x000000000021d860                kerent
 .text          0x000000000021d8bc      0xc54 bin/bwio.o
                0x000000000021dc34                bwputr
                0x000000000021e1a0                bwi2a
                0x000000000021d8bc                bwsetfifo
                0x000000000021da90                bwputc
                0x000000000021def0                bwa2d
                0x000000000021d984                bwsetspeed
                0x000000000021db54                c2x
                0x000000000021df98                bwa2i
                0x000000000021de38                bwgetc
                0x000000000021e05c                bwui2a
                0x000000000021e204                bwformat
                0x000000000021dd30                bwputw
                0x000000000021e4d8                bwprintf
                0x000000000021dbb4                bwputx
                0x000000000021dcb4                bwputstr
 .text          0x000000000021e510      0x904 bin/serialio.o
                0x000000000021e6ec                putw
                0x000000000021e670                putstr
                0x000000000021eaa4                i2a
                0x000000000021eb08                format
                0x000000000021e570                putx
                0x000000000021e510                sc2x
                0x000000000021e960                ui2a
                0x000000000021e89c                a2i
                0x000000000021e7f4                a2d
                0x000000000021eddc                sprintf
                0x000000000021e5f0                putr
 .text          0x000000000021ee14      0x1c0 bin/utils.o
                0x000000000021ee14                memcpy
                0x000000000021ef54                strEnq
                0x000000000021ef00                strLen
 .text          0x000000000021efd4      0x110 /u/wbcowan/gnuarm-4.0.2/lib/gcc/arm-elf/4.0.2/libgcc.a(_udivsi3.o)
                0x000000000021efd4                __udivsi3
                0x000000000021f0cc                __aeabi_uidivmod
 .text          0x000000000021f0e4       0xcc /u/wbcowan/gnuarm-4.0.2/lib/gcc/arm-elf/4.0.2/libgcc.a(_umodsi3.o)
                0x000000000021f0e4                __umodsi3
 .text          0x000000000021f1b0        0x4 /u/wbcowan/gnuarm-4.0.2/lib/gcc/arm-elf/4.0.2/libgcc.a(_dvmd_tls.o)
                0x000000000021f1b0                __aeabi_ldiv0
                0x000000000021f1b0                __div0
                0x000000000021f1b0                __aeabi_idiv0
 *(.got)
 .got           0x000000000021f1b4       0x3c bin/kernInit.o
 *(.got.plt)
 .got.plt       0x000000000021f1f0        0xc bin/kernInit.o
                0x000000000021f1f0                _GLOBAL_OFFSET_TABLE_
 *(.rodata)
 .rodata        0x000000000021f1fc       0x10 bin/first_user_task.o
 .rodata        0x000000000021f20c       0x50 bin/clockServer.o
 .rodata        0x000000000021f25c       0x10 bin/uartServer1.o
 .rodata        0x000000000021f26c       0x10 bin/uartServer2.o
 .rodata        0x000000000021f27c      0x380 bin/processors.o
 .rodata        0x000000000021f5fc      0x210 bin/RPS.o
 *(.glue_7)
 *(.glue_7t)

.rel.dyn
LOAD bin/kernel.o
LOAD bin/kernInit.o
LOAD bin/syscall_kern.o
LOAD bin/syscall_kernHandler.o
LOAD bin/syscall_userHandler.o
LOAD bin/first_user_task.o
LOAD bin/nameServer.o
LOAD bin/clockServer.o
LOAD bin/uartServer1.o
LOAD bin/uartServer2.o
LOAD bin/processors.o
LOAD bin/RPS.o
LOAD bin/contextSwitch.o
LOAD bin/bwio.o
LOAD bin/serialio.o
LOAD bin/utils.o
LOAD /u/wbcowan/gnuarm-4.0.2/lib/gcc/arm-elf/4.0.2/libgcc.a
OUTPUT(kernel4.elf elf32-littlearm)

.comment        0x0000000000000000      0x120
 .comment       0x0000000000000000       0x12 bin/kernel.o
 .comment       0x0000000000000012       0x12 bin/kernInit.o
 .comment       0x0000000000000024       0x12 bin/syscall_kern.o
 .comment       0x0000000000000036       0x12 bin/syscall_kernHandler.o
 .comment       0x0000000000000048       0x12 bin/syscall_userHandler.o
 .comment       0x000000000000005a       0x12 bin/first_user_task.o
 .comment       0x000000000000006c       0x12 bin/nameServer.o
 .comment       0x000000000000007e       0x12 bin/clockServer.o
 .comment       0x0000000000000090       0x12 bin/uartServer1.o
 .comment       0x00000000000000a2       0x12 bin/uartServer2.o
 .comment       0x00000000000000b4       0x12 bin/processors.o
 .comment       0x00000000000000c6       0x12 bin/RPS.o
 .comment       0x00000000000000d8       0x12 bin/contextSwitch.o
 .comment       0x00000000000000ea       0x12 bin/bwio.o
 .comment       0x00000000000000fc       0x12 bin/serialio.o
 .comment       0x000000000000010e       0x12 bin/utils.o

.debug_line     0x0000000000000000      0x14f
 .debug_line    0x0000000000000000       0x86 /u/wbcowan/gnuarm-4.0.2/lib/gcc/arm-elf/4.0.2/libgcc.a(_udivsi3.o)
 .debug_line    0x0000000000000086       0x6f /u/wbcowan/gnuarm-4.0.2/lib/gcc/arm-elf/4.0.2/libgcc.a(_umodsi3.o)
 .debug_line    0x00000000000000f5       0x5a /u/wbcowan/gnuarm-4.0.2/lib/gcc/arm-elf/4.0.2/libgcc.a(_dvmd_tls.o)

.debug_info     0x0000000000000000      0x153
 .debug_info    0x0000000000000000       0x71 /u/wbcowan/gnuarm-4.0.2/lib/gcc/arm-elf/4.0.2/libgcc.a(_udivsi3.o)
 .debug_info    0x0000000000000071       0x71 /u/wbcowan/gnuarm-4.0.2/lib/gcc/arm-elf/4.0.2/libgcc.a(_umodsi3.o)
 .debug_info    0x00000000000000e2       0x71 /u/wbcowan/gnuarm-4.0.2/lib/gcc/arm-elf/4.0.2/libgcc.a(_dvmd_tls.o)

.debug_abbrev   0x0000000000000000       0x3c
 .debug_abbrev  0x0000000000000000       0x14 /u/wbcowan/gnuarm-4.0.2/lib/gcc/arm-elf/4.0.2/libgcc.a(_udivsi3.o)
 .debug_abbrev  0x0000000000000014       0x14 /u/wbcowan/gnuarm-4.0.2/lib/gcc/arm-elf/4.0.2/libgcc.a(_umodsi3.o)
 .debug_abbrev  0x0000000000000028       0x14 /u/wbcowan/gnuarm-4.0.2/lib/gcc/arm-elf/4.0.2/libgcc.a(_dvmd_tls.o)

.debug_aranges  0x0000000000000000       0x60
 .debug_aranges
                0x0000000000000000       0x20 /u/wbcowan/gnuarm-4.0.2/lib/gcc/arm-elf/4.0.2/libgcc.a(_udivsi3.o)
 .debug_aranges
                0x0000000000000020       0x20 /u/wbcowan/gnuarm-4.0.2/lib/gcc/arm-elf/4.0.2/libgcc.a(_umodsi3.o)
 .debug_aranges
                0x0000000000000040       0x20 /u/wbcowan/gnuarm-4.0.2/lib/gcc/arm-elf/4.0.2/libgcc.a(_dvmd_tls.o)
