Archive member included because of file (symbol)

/u/wbcowan/gnuarm-4.0.2/lib/gcc/arm-elf/4.0.2/libgcc.a(_udivsi3.o)
                              bin/bwio.o (__udivsi3)
/u/wbcowan/gnuarm-4.0.2/lib/gcc/arm-elf/4.0.2/libgcc.a(_umodsi3.o)
                              bin/bwio.o (__umodsi3)
/u/wbcowan/gnuarm-4.0.2/lib/gcc/arm-elf/4.0.2/libgcc.a(_dvmd_tls.o)
                              /u/wbcowan/gnuarm-4.0.2/lib/gcc/arm-elf/4.0.2/libgcc.a(_udivsi3.o) (__div0)

Memory Configuration

Name             Origin             Length             Attributes
ram              0x0000000000218000 0x0000000002000000
rom              0x0000000060000000 0x0000000000800000
*default*        0x0000000000000000 0xffffffffffffffff

Linker script and memory map


data            0x0000000000218000        0x0
                0x0000000000218000                _DataStart = .
 *(.data)
                0x0000000000218000                _DataEnd = .

bss             0x0000000000218000        0x0
                0x0000000000218000                _BssStart = .
 *(.bss)
                0x0000000000218000                _BssEnd = .

text            0x0000000000218000     0x4bb4
 *(.text)
 .text          0x0000000000218000       0xb4 bin/kernel.o
                0x0000000000218000                main
 .text          0x00000000002180b4      0x538 bin/kernInit.o
                0x0000000000218580                Init
 .text          0x00000000002185ec      0x5ec bin/syscall_kern.o
                0x000000000021899c                Scheduler_getNextReadyTask
                0x00000000002188f4                Scheduler_pushQueue
                0x00000000002189fc                Message_isSendQueueEmpty
                0x00000000002185ec                Task_create
                0x0000000000218b28                Message_pushSendQueue
                0x0000000000218a78                Message_popSendQueue
 .text          0x0000000000218bd8      0x90c bin/syscall_kernHandler.o
                0x0000000000218e30                syscall_kernHandler
 .text          0x00000000002194e4      0x6fc bin/syscall_userHandler.o
                0x0000000000219614                Send
                0x0000000000219588                MyParentTid
                0x00000000002195bc                Pass
                0x0000000000219a10                getc
                0x00000000002197a8                WhoIs
                0x0000000000219508                Create
                0x0000000000219814                AwaitEvent
                0x0000000000219680                Receive
                0x00000000002196d8                Reply
                0x0000000000219554                MyTid
                0x00000000002195e8                Exit
                0x00000000002198ec                DelayUntil
                0x0000000000219ae8                putc
                0x0000000000219730                RegisterAs
                0x0000000000219854                Delay
                0x0000000000219984                Time
 .text          0x0000000000219be0      0x1b4 bin/first_user_task.o
                0x0000000000219be0                idleTask
                0x0000000000219c78                firstUserTask
                0x0000000000219c18                testGetcCom2
 .text          0x0000000000219d94      0x594 bin/nameServer.o
                0x0000000000219f2c                nameServer
 .text          0x000000000021a328      0x538 bin/clockServer.o
                0x000000000021a564                clockServer
 .text          0x000000000021a860      0x5b8 bin/uartServer2.o
                0x000000000021a990                UART2_Server
 .text          0x000000000021ae18      0x864 bin/RPS.o
                0x000000000021af60                wait
                0x000000000021afb4                RPS_Server
 .text          0x000000000021b67c       0xb0 bin/contextSwitch.o
                0x000000000021b708                kerxit
                0x000000000021b67c                hwi_kerent
                0x000000000021b6cc                kerent
 .text          0x000000000021b72c      0xc54 bin/bwio.o
                0x000000000021baa4                bwputr
                0x000000000021c010                bwi2a
                0x000000000021b72c                bwsetfifo
                0x000000000021b900                bwputc
                0x000000000021bd60                bwa2d
                0x000000000021b7f4                bwsetspeed
                0x000000000021b9c4                c2x
                0x000000000021be08                bwa2i
                0x000000000021bca8                bwgetc
                0x000000000021becc                bwui2a
                0x000000000021c074                bwformat
                0x000000000021bba0                bwputw
                0x000000000021c348                bwprintf
                0x000000000021ba24                bwputx
                0x000000000021bb24                bwputstr
 .text          0x000000000021c380      0x1c0 bin/utils.o
                0x000000000021c380                memcpy
                0x000000000021c4c0                strEnq
                0x000000000021c46c                strLen
 .text          0x000000000021c540      0x110 /u/wbcowan/gnuarm-4.0.2/lib/gcc/arm-elf/4.0.2/libgcc.a(_udivsi3.o)
                0x000000000021c540                __udivsi3
                0x000000000021c638                __aeabi_uidivmod
 .text          0x000000000021c650       0xcc /u/wbcowan/gnuarm-4.0.2/lib/gcc/arm-elf/4.0.2/libgcc.a(_umodsi3.o)
                0x000000000021c650                __umodsi3
 .text          0x000000000021c71c        0x4 /u/wbcowan/gnuarm-4.0.2/lib/gcc/arm-elf/4.0.2/libgcc.a(_dvmd_tls.o)
                0x000000000021c71c                __aeabi_ldiv0
                0x000000000021c71c                __div0
                0x000000000021c71c                __aeabi_idiv0
 *(.got)
 .got           0x000000000021c720       0x2c bin/kernInit.o
 *(.got.plt)
 .got.plt       0x000000000021c74c        0xc bin/kernInit.o
                0x000000000021c74c                _GLOBAL_OFFSET_TABLE_
 *(.rodata)
 .rodata        0x000000000021c758       0x38 bin/syscall_userHandler.o
 .rodata        0x000000000021c790       0xd0 bin/first_user_task.o
 .rodata        0x000000000021c860       0x94 bin/clockServer.o
 .rodata        0x000000000021c8f4       0xb0 bin/uartServer2.o
 .rodata        0x000000000021c9a4      0x210 bin/RPS.o
 *(.glue_7)
 *(.glue_7t)

.rel.dyn
LOAD bin/kernel.o
LOAD bin/kernInit.o
LOAD bin/syscall_kern.o
LOAD bin/syscall_kernHandler.o
LOAD bin/syscall_userHandler.o
LOAD bin/first_user_task.o
LOAD bin/nameServer.o
LOAD bin/clockServer.o
LOAD bin/uartServer1.o
LOAD bin/uartServer2.o
LOAD bin/RPS.o
LOAD bin/contextSwitch.o
LOAD bin/bwio.o
LOAD bin/utils.o
LOAD /u/wbcowan/gnuarm-4.0.2/lib/gcc/arm-elf/4.0.2/libgcc.a
OUTPUT(kernel4.elf elf32-littlearm)

.comment        0x0000000000000000       0xfc
 .comment       0x0000000000000000       0x12 bin/kernel.o
 .comment       0x0000000000000012       0x12 bin/kernInit.o
 .comment       0x0000000000000024       0x12 bin/syscall_kern.o
 .comment       0x0000000000000036       0x12 bin/syscall_kernHandler.o
 .comment       0x0000000000000048       0x12 bin/syscall_userHandler.o
 .comment       0x000000000000005a       0x12 bin/first_user_task.o
 .comment       0x000000000000006c       0x12 bin/nameServer.o
 .comment       0x000000000000007e       0x12 bin/clockServer.o
 .comment       0x0000000000000090       0x12 bin/uartServer1.o
 .comment       0x00000000000000a2       0x12 bin/uartServer2.o
 .comment       0x00000000000000b4       0x12 bin/RPS.o
 .comment       0x00000000000000c6       0x12 bin/contextSwitch.o
 .comment       0x00000000000000d8       0x12 bin/bwio.o
 .comment       0x00000000000000ea       0x12 bin/utils.o

.debug_line     0x0000000000000000      0x14f
 .debug_line    0x0000000000000000       0x86 /u/wbcowan/gnuarm-4.0.2/lib/gcc/arm-elf/4.0.2/libgcc.a(_udivsi3.o)
 .debug_line    0x0000000000000086       0x6f /u/wbcowan/gnuarm-4.0.2/lib/gcc/arm-elf/4.0.2/libgcc.a(_umodsi3.o)
 .debug_line    0x00000000000000f5       0x5a /u/wbcowan/gnuarm-4.0.2/lib/gcc/arm-elf/4.0.2/libgcc.a(_dvmd_tls.o)

.debug_info     0x0000000000000000      0x153
 .debug_info    0x0000000000000000       0x71 /u/wbcowan/gnuarm-4.0.2/lib/gcc/arm-elf/4.0.2/libgcc.a(_udivsi3.o)
 .debug_info    0x0000000000000071       0x71 /u/wbcowan/gnuarm-4.0.2/lib/gcc/arm-elf/4.0.2/libgcc.a(_umodsi3.o)
 .debug_info    0x00000000000000e2       0x71 /u/wbcowan/gnuarm-4.0.2/lib/gcc/arm-elf/4.0.2/libgcc.a(_dvmd_tls.o)

.debug_abbrev   0x0000000000000000       0x3c
 .debug_abbrev  0x0000000000000000       0x14 /u/wbcowan/gnuarm-4.0.2/lib/gcc/arm-elf/4.0.2/libgcc.a(_udivsi3.o)
 .debug_abbrev  0x0000000000000014       0x14 /u/wbcowan/gnuarm-4.0.2/lib/gcc/arm-elf/4.0.2/libgcc.a(_umodsi3.o)
 .debug_abbrev  0x0000000000000028       0x14 /u/wbcowan/gnuarm-4.0.2/lib/gcc/arm-elf/4.0.2/libgcc.a(_dvmd_tls.o)

.debug_aranges  0x0000000000000000       0x60
 .debug_aranges
                0x0000000000000000       0x20 /u/wbcowan/gnuarm-4.0.2/lib/gcc/arm-elf/4.0.2/libgcc.a(_udivsi3.o)
 .debug_aranges
                0x0000000000000020       0x20 /u/wbcowan/gnuarm-4.0.2/lib/gcc/arm-elf/4.0.2/libgcc.a(_umodsi3.o)
 .debug_aranges
                0x0000000000000040       0x20 /u/wbcowan/gnuarm-4.0.2/lib/gcc/arm-elf/4.0.2/libgcc.a(_dvmd_tls.o)
