Archive member included because of file (symbol)

/u/wbcowan/gnuarm-4.0.2/lib/gcc/arm-elf/4.0.2/libgcc.a(_udivsi3.o)
                              bin/bwio.o (__udivsi3)
/u/wbcowan/gnuarm-4.0.2/lib/gcc/arm-elf/4.0.2/libgcc.a(_umodsi3.o)
                              bin/bwio.o (__umodsi3)
/u/wbcowan/gnuarm-4.0.2/lib/gcc/arm-elf/4.0.2/libgcc.a(_dvmd_tls.o)
                              /u/wbcowan/gnuarm-4.0.2/lib/gcc/arm-elf/4.0.2/libgcc.a(_udivsi3.o) (__div0)

Memory Configuration

Name             Origin             Length             Attributes
ram              0x0000000000218000 0x0000000002000000
rom              0x0000000060000000 0x0000000000800000
*default*        0x0000000000000000 0xffffffffffffffff

Linker script and memory map


data            0x0000000000218000        0x0
                0x0000000000218000                _DataStart = .
 *(.data)
                0x0000000000218000                _DataEnd = .

bss             0x0000000000218000        0x0
                0x0000000000218000                _BssStart = .
 *(.bss)
                0x0000000000218000                _BssEnd = .

text            0x0000000000218000     0x4020
 *(.text)
 .text          0x0000000000218000       0x94 bin/kernel.o
                0x0000000000218000                main
 .text          0x0000000000218094      0x294 bin/kernInit.o
                0x00000000002182c8                Init
 .text          0x0000000000218328      0x5ec bin/syscall_kern.o
                0x00000000002186d8                Scheduler_getNextReadyTask
                0x0000000000218630                Scheduler_pushQueue
                0x0000000000218738                Message_isSendQueueEmpty
                0x0000000000218328                Task_create
                0x0000000000218864                Message_pushSendQueue
                0x00000000002187b4                Message_popSendQueue
 .text          0x0000000000218914      0x620 bin/syscall_kernHandler.o
                0x0000000000218914                syscall_kernHandler
 .text          0x0000000000218f34      0x50c bin/syscall_userHandler.o
                0x0000000000219064                Send
                0x0000000000218fd8                MyParentTid
                0x000000000021900c                Pass
                0x00000000002191f8                WhoIs
                0x0000000000218f58                Create
                0x0000000000219264                AwaitEvent
                0x00000000002190d0                Receive
                0x0000000000219128                Reply
                0x0000000000218fa4                MyTid
                0x0000000000219038                Exit
                0x000000000021933c                DelayUntil
                0x0000000000219180                RegisterAs
                0x00000000002192a4                Delay
                0x00000000002193d4                Time
 .text          0x0000000000219440      0x3a0 bin/first_user_task.o
                0x0000000000219440                idleTask
                0x00000000002196e4                firstUserTask
 .text          0x00000000002197e0      0x594 bin/nameServer.o
                0x0000000000219978                nameServer
 .text          0x0000000000219d74      0x5cc bin/clockServer.o
                0x000000000021a040                clockServer
 .text          0x000000000021a340      0x864 bin/RPS.o
                0x000000000021a488                wait
                0x000000000021a4dc                RPS_Server
 .text          0x000000000021aba4       0xac bin/contextSwitch.o
                0x000000000021ac2c                kerxit
                0x000000000021aba4                hwi_kerent
                0x000000000021abf0                kerent
 .text          0x000000000021ac50      0xc54 bin/bwio.o
                0x000000000021afc8                bwputr
                0x000000000021b534                bwi2a
                0x000000000021ac50                bwsetfifo
                0x000000000021ae24                bwputc
                0x000000000021b284                bwa2d
                0x000000000021ad18                bwsetspeed
                0x000000000021aee8                c2x
                0x000000000021b32c                bwa2i
                0x000000000021b1cc                bwgetc
                0x000000000021b3f0                bwui2a
                0x000000000021b598                bwformat
                0x000000000021b0c4                bwputw
                0x000000000021b86c                bwprintf
                0x000000000021af48                bwputx
                0x000000000021b048                bwputstr
 .text          0x000000000021b8a4      0x1c0 bin/utils.o
                0x000000000021b8a4                memcpy
                0x000000000021b9e4                strEnq
                0x000000000021b990                strLen
 .text          0x000000000021ba64      0x110 /u/wbcowan/gnuarm-4.0.2/lib/gcc/arm-elf/4.0.2/libgcc.a(_udivsi3.o)
                0x000000000021ba64                __udivsi3
                0x000000000021bb5c                __aeabi_uidivmod
 .text          0x000000000021bb74       0xcc /u/wbcowan/gnuarm-4.0.2/lib/gcc/arm-elf/4.0.2/libgcc.a(_umodsi3.o)
                0x000000000021bb74                __umodsi3
 .text          0x000000000021bc40        0x4 /u/wbcowan/gnuarm-4.0.2/lib/gcc/arm-elf/4.0.2/libgcc.a(_dvmd_tls.o)
                0x000000000021bc40                __aeabi_ldiv0
                0x000000000021bc40                __div0
                0x000000000021bc40                __aeabi_idiv0
 *(.got)
 .got           0x000000000021bc44       0x2c bin/kernInit.o
 *(.got.plt)
 .got.plt       0x000000000021bc70        0xc bin/kernInit.o
                0x000000000021bc70                _GLOBAL_OFFSET_TABLE_
 *(.rodata)
 .rodata        0x000000000021bc7c       0x10 bin/syscall_userHandler.o
 .rodata        0x000000000021bc8c      0x124 bin/first_user_task.o
 .rodata        0x000000000021bdb0       0x60 bin/clockServer.o
 .rodata        0x000000000021be10      0x210 bin/RPS.o
 *(.glue_7)
 *(.glue_7t)

.rel.dyn
LOAD bin/kernel.o
LOAD bin/kernInit.o
LOAD bin/syscall_kern.o
LOAD bin/syscall_kernHandler.o
LOAD bin/syscall_userHandler.o
LOAD bin/first_user_task.o
LOAD bin/nameServer.o
LOAD bin/clockServer.o
LOAD bin/RPS.o
LOAD bin/contextSwitch.o
LOAD bin/bwio.o
LOAD bin/utils.o
LOAD /u/wbcowan/gnuarm-4.0.2/lib/gcc/arm-elf/4.0.2/libgcc.a
OUTPUT(kernel3.elf elf32-littlearm)

.comment        0x0000000000000000       0xd8
 .comment       0x0000000000000000       0x12 bin/kernel.o
 .comment       0x0000000000000012       0x12 bin/kernInit.o
 .comment       0x0000000000000024       0x12 bin/syscall_kern.o
 .comment       0x0000000000000036       0x12 bin/syscall_kernHandler.o
 .comment       0x0000000000000048       0x12 bin/syscall_userHandler.o
 .comment       0x000000000000005a       0x12 bin/first_user_task.o
 .comment       0x000000000000006c       0x12 bin/nameServer.o
 .comment       0x000000000000007e       0x12 bin/clockServer.o
 .comment       0x0000000000000090       0x12 bin/RPS.o
 .comment       0x00000000000000a2       0x12 bin/contextSwitch.o
 .comment       0x00000000000000b4       0x12 bin/bwio.o
 .comment       0x00000000000000c6       0x12 bin/utils.o

.debug_line     0x0000000000000000      0x14f
 .debug_line    0x0000000000000000       0x86 /u/wbcowan/gnuarm-4.0.2/lib/gcc/arm-elf/4.0.2/libgcc.a(_udivsi3.o)
 .debug_line    0x0000000000000086       0x6f /u/wbcowan/gnuarm-4.0.2/lib/gcc/arm-elf/4.0.2/libgcc.a(_umodsi3.o)
 .debug_line    0x00000000000000f5       0x5a /u/wbcowan/gnuarm-4.0.2/lib/gcc/arm-elf/4.0.2/libgcc.a(_dvmd_tls.o)

.debug_info     0x0000000000000000      0x153
 .debug_info    0x0000000000000000       0x71 /u/wbcowan/gnuarm-4.0.2/lib/gcc/arm-elf/4.0.2/libgcc.a(_udivsi3.o)
 .debug_info    0x0000000000000071       0x71 /u/wbcowan/gnuarm-4.0.2/lib/gcc/arm-elf/4.0.2/libgcc.a(_umodsi3.o)
 .debug_info    0x00000000000000e2       0x71 /u/wbcowan/gnuarm-4.0.2/lib/gcc/arm-elf/4.0.2/libgcc.a(_dvmd_tls.o)

.debug_abbrev   0x0000000000000000       0x3c
 .debug_abbrev  0x0000000000000000       0x14 /u/wbcowan/gnuarm-4.0.2/lib/gcc/arm-elf/4.0.2/libgcc.a(_udivsi3.o)
 .debug_abbrev  0x0000000000000014       0x14 /u/wbcowan/gnuarm-4.0.2/lib/gcc/arm-elf/4.0.2/libgcc.a(_umodsi3.o)
 .debug_abbrev  0x0000000000000028       0x14 /u/wbcowan/gnuarm-4.0.2/lib/gcc/arm-elf/4.0.2/libgcc.a(_dvmd_tls.o)

.debug_aranges  0x0000000000000000       0x60
 .debug_aranges
                0x0000000000000000       0x20 /u/wbcowan/gnuarm-4.0.2/lib/gcc/arm-elf/4.0.2/libgcc.a(_udivsi3.o)
 .debug_aranges
                0x0000000000000020       0x20 /u/wbcowan/gnuarm-4.0.2/lib/gcc/arm-elf/4.0.2/libgcc.a(_umodsi3.o)
 .debug_aranges
                0x0000000000000040       0x20 /u/wbcowan/gnuarm-4.0.2/lib/gcc/arm-elf/4.0.2/libgcc.a(_dvmd_tls.o)
