Archive member included because of file (symbol)

/u/wbcowan/gnuarm-4.0.2/lib/gcc/arm-elf/4.0.2/libgcc.a(_udivsi3.o)
                              io.o (__udivsi3)
/u/wbcowan/gnuarm-4.0.2/lib/gcc/arm-elf/4.0.2/libgcc.a(_umodsi3.o)
                              io.o (__umodsi3)
/u/wbcowan/gnuarm-4.0.2/lib/gcc/arm-elf/4.0.2/libgcc.a(_dvmd_tls.o)
                              /u/wbcowan/gnuarm-4.0.2/lib/gcc/arm-elf/4.0.2/libgcc.a(_udivsi3.o) (__div0)

Memory Configuration

Name             Origin             Length             Attributes
ram              0x0000000000000000 0x0000000002000000
rom              0x0000000060000000 0x0000000000800000
*default*        0x0000000000000000 0xffffffffffffffff

Linker script and memory map


data            0x0000000000000000        0x0
                0x0000000000000000                _DataStart = .
 *(.data)
                0x0000000000000000                _DataEnd = .

bss             0x0000000000000000       0x48
                0x0000000000000000                _BssStart = .
 *(.bss)
 .bss           0x0000000000000000        0x4 main.o
 .bss           0x0000000000000004       0x44 io.o
                0x0000000000000048                _BssEnd = .

text            0x0000000000000048     0x2c8c
 *(.text)
 .text          0x0000000000000048      0x540 main.o
                0x0000000000000374                main
 .text          0x0000000000000588     0x242c io.o
                0x0000000000002190                bwputr
                0x0000000000002644                bwi2a
                0x0000000000001edc                bwsetfifo
                0x0000000000001ddc                bwputc
                0x0000000000000d9c                getc
                0x0000000000002394                bwa2d
                0x000000000000297c                myprintf
                0x0000000000000aa4                needToQuerySensors
                0x0000000000001fa4                bwsetspeed
                0x00000000000020b0                c2x
                0x0000000000001088                processUserCommands
                0x000000000000243c                bwa2i
                0x0000000000000b08                isChannelRdyToPut
                0x0000000000000c88                putc
                0x00000000000009e0                doesChannelNeedToPut
                0x00000000000007cc                trainsSpeedandSwitchInit
                0x0000000000002500                bwui2a
                0x00000000000026a8                bwformat
                0x0000000000000bd0                isChannelRdyToGet
                0x000000000000228c                bwputw
                0x0000000000000588                ioInit
                0x0000000000002110                bwputx
                0x0000000000002210                bwputstr
                0x0000000000001ae4                processSensorResult
 .text          0x00000000000029b4      0x110 /u/wbcowan/gnuarm-4.0.2/lib/gcc/arm-elf/4.0.2/libgcc.a(_udivsi3.o)
                0x00000000000029b4                __udivsi3
                0x0000000000002aac                __aeabi_uidivmod
 .text          0x0000000000002ac4       0xcc /u/wbcowan/gnuarm-4.0.2/lib/gcc/arm-elf/4.0.2/libgcc.a(_umodsi3.o)
                0x0000000000002ac4                __umodsi3
 .text          0x0000000000002b90        0x4 /u/wbcowan/gnuarm-4.0.2/lib/gcc/arm-elf/4.0.2/libgcc.a(_dvmd_tls.o)
                0x0000000000002b90                __aeabi_ldiv0
                0x0000000000002b90                __div0
                0x0000000000002b90                __aeabi_idiv0
 *(.got)
 .got           0x0000000000002b94       0x48 main.o
 *(.got.plt)
 .got.plt       0x0000000000002bdc        0xc main.o
                0x0000000000002bdc                _GLOBAL_OFFSET_TABLE_
 *(.rodata)
 .rodata        0x0000000000002be8       0x6c main.o
 .rodata        0x0000000000002c54       0x80 io.o
 *(.glue_7)
 *(.glue_7t)

.rel.dyn
LOAD main.o
LOAD io.o
LOAD /u/wbcowan/gnuarm-4.0.2/lib/gcc/arm-elf/4.0.2/libgcc.a
OUTPUT(main.elf elf32-littlearm)

.comment        0x0000000000000000       0x24
 .comment       0x0000000000000000       0x12 main.o
 .comment       0x0000000000000012       0x12 io.o

.debug_line     0x0000000000000000      0x14f
 .debug_line    0x0000000000000000       0x86 /u/wbcowan/gnuarm-4.0.2/lib/gcc/arm-elf/4.0.2/libgcc.a(_udivsi3.o)
 .debug_line    0x0000000000000086       0x6f /u/wbcowan/gnuarm-4.0.2/lib/gcc/arm-elf/4.0.2/libgcc.a(_umodsi3.o)
 .debug_line    0x00000000000000f5       0x5a /u/wbcowan/gnuarm-4.0.2/lib/gcc/arm-elf/4.0.2/libgcc.a(_dvmd_tls.o)

.debug_info     0x0000000000000000      0x153
 .debug_info    0x0000000000000000       0x71 /u/wbcowan/gnuarm-4.0.2/lib/gcc/arm-elf/4.0.2/libgcc.a(_udivsi3.o)
 .debug_info    0x0000000000000071       0x71 /u/wbcowan/gnuarm-4.0.2/lib/gcc/arm-elf/4.0.2/libgcc.a(_umodsi3.o)
 .debug_info    0x00000000000000e2       0x71 /u/wbcowan/gnuarm-4.0.2/lib/gcc/arm-elf/4.0.2/libgcc.a(_dvmd_tls.o)

.debug_abbrev   0x0000000000000000       0x3c
 .debug_abbrev  0x0000000000000000       0x14 /u/wbcowan/gnuarm-4.0.2/lib/gcc/arm-elf/4.0.2/libgcc.a(_udivsi3.o)
 .debug_abbrev  0x0000000000000014       0x14 /u/wbcowan/gnuarm-4.0.2/lib/gcc/arm-elf/4.0.2/libgcc.a(_umodsi3.o)
 .debug_abbrev  0x0000000000000028       0x14 /u/wbcowan/gnuarm-4.0.2/lib/gcc/arm-elf/4.0.2/libgcc.a(_dvmd_tls.o)

.debug_aranges  0x0000000000000000       0x60
 .debug_aranges
                0x0000000000000000       0x20 /u/wbcowan/gnuarm-4.0.2/lib/gcc/arm-elf/4.0.2/libgcc.a(_udivsi3.o)
 .debug_aranges
                0x0000000000000020       0x20 /u/wbcowan/gnuarm-4.0.2/lib/gcc/arm-elf/4.0.2/libgcc.a(_umodsi3.o)
 .debug_aranges
                0x0000000000000040       0x20 /u/wbcowan/gnuarm-4.0.2/lib/gcc/arm-elf/4.0.2/libgcc.a(_dvmd_tls.o)
